2024-10-18T15:05:00.060-05:00  INFO 10536 --- [logsRestService] [main] c.e.u.m.l.LogsRestServiceApplication     : Starting LogsRestServiceApplication using Java 17.0.6 with PID 10536 (C:\Users\Juan Tunubala\Documents\UNIVERSIDAD\Octavo Semestre\Microservicios\LogsRest\build\classes\java\main started by Juan Tunubala in C:\Users\Juan Tunubala\Documents\UNIVERSIDAD\Octavo Semestre\Microservicios\LogsRest)
2024-10-18T15:05:00.066-05:00  INFO 10536 --- [logsRestService] [main] c.e.u.m.l.LogsRestServiceApplication     : No active profile set, falling back to 1 default profile: "default"
2024-10-18T15:05:01.107-05:00  INFO 10536 --- [logsRestService] [main] .s.d.r.c.RepositoryConfigurationDelegate : Bootstrapping Spring Data JPA repositories in DEFAULT mode.
2024-10-18T15:05:01.179-05:00  INFO 10536 --- [logsRestService] [main] .s.d.r.c.RepositoryConfigurationDelegate : Finished Spring Data repository scanning in 64 ms. Found 1 JPA repository interface.
2024-10-18T15:05:01.926-05:00  INFO 10536 --- [logsRestService] [main] o.s.b.w.embedded.tomcat.TomcatWebServer  : Tomcat initialized with port 8002 (http)
2024-10-18T15:05:01.941-05:00  INFO 10536 --- [logsRestService] [main] o.apache.catalina.core.StandardService   : Starting service [Tomcat]
2024-10-18T15:05:01.942-05:00  INFO 10536 --- [logsRestService] [main] o.apache.catalina.core.StandardEngine    : Starting Servlet engine: [Apache Tomcat/10.1.19]
2024-10-18T15:05:02.015-05:00  INFO 10536 --- [logsRestService] [main] o.a.c.c.C.[Tomcat].[localhost].[/]       : Initializing Spring embedded WebApplicationContext
2024-10-18T15:05:02.016-05:00  INFO 10536 --- [logsRestService] [main] w.s.c.ServletWebServerApplicationContext : Root WebApplicationContext: initialization completed in 1901 ms
2024-10-18T15:05:02.369-05:00  INFO 10536 --- [logsRestService] [main] o.hibernate.jpa.internal.util.LogHelper  : HHH000204: Processing PersistenceUnitInfo [name: default]
2024-10-18T15:05:02.445-05:00  INFO 10536 --- [logsRestService] [main] org.hibernate.Version                    : HHH000412: Hibernate ORM core version 6.4.4.Final
2024-10-18T15:05:02.493-05:00  INFO 10536 --- [logsRestService] [main] o.h.c.internal.RegionFactoryInitiator    : HHH000026: Second-level cache disabled
2024-10-18T15:05:02.870-05:00  INFO 10536 --- [logsRestService] [main] o.s.o.j.p.SpringPersistenceUnitInfo      : No LoadTimeWeaver setup: ignoring JPA class transformer
2024-10-18T15:05:02.993-05:00  INFO 10536 --- [logsRestService] [main] com.zaxxer.hikari.HikariDataSource       : HikariPool-1 - Starting...
2024-10-18T15:05:03.266-05:00  INFO 10536 --- [logsRestService] [main] com.zaxxer.hikari.pool.HikariPool        : HikariPool-1 - Added connection org.postgresql.jdbc.PgConnection@304068
2024-10-18T15:05:03.269-05:00  INFO 10536 --- [logsRestService] [main] com.zaxxer.hikari.HikariDataSource       : HikariPool-1 - Start completed.
2024-10-18T15:05:04.455-05:00  INFO 10536 --- [logsRestService] [main] o.h.e.t.j.p.i.JtaPlatformInitiator       : HHH000489: No JTA platform available (set 'hibernate.transaction.jta.platform' to enable JTA platform integration)
2024-10-18T15:05:04.532-05:00  INFO 10536 --- [logsRestService] [main] j.LocalContainerEntityManagerFactoryBean : Initialized JPA EntityManagerFactory for persistence unit 'default'
2024-10-18T15:05:04.928-05:00  WARN 10536 --- [logsRestService] [main] JpaBaseConfiguration$JpaWebConfiguration : spring.jpa.open-in-view is enabled by default. Therefore, database queries may be performed during view rendering. Explicitly configure spring.jpa.open-in-view to disable this warning
2024-10-18T15:05:05.598-05:00  INFO 10536 --- [logsRestService] [main] o.s.b.a.e.web.EndpointLinksResolver      : Exposing 2 endpoint(s) beneath base path '/actuator'
2024-10-18T15:05:05.678-05:00  INFO 10536 --- [logsRestService] [main] o.s.b.w.embedded.tomcat.TomcatWebServer  : Tomcat started on port 8002 (http) with context path ''
2024-10-18T15:05:05.693-05:00  INFO 10536 --- [logsRestService] [main] c.e.u.m.l.LogsRestServiceApplication     : Started LogsRestServiceApplication in 6.345 seconds (process running for 7.421)
2024-10-18T15:05:06.148-05:00  INFO 10536 --- [logsRestService] [RMI TCP Connection(3)-192.168.0.32] o.a.c.c.C.[Tomcat].[localhost].[/]       : Initializing Spring DispatcherServlet 'dispatcherServlet'
2024-10-18T15:05:06.148-05:00  INFO 10536 --- [logsRestService] [RMI TCP Connection(3)-192.168.0.32] o.s.web.servlet.DispatcherServlet        : Initializing Servlet 'dispatcherServlet'
2024-10-18T15:05:06.148-05:00  INFO 10536 --- [logsRestService] [RMI TCP Connection(3)-192.168.0.32] o.s.web.servlet.DispatcherServlet        : Completed initialization in 0 ms
2024-10-18T15:19:15.932-05:00  INFO 10536 --- [logsRestService] [SpringApplicationShutdownHook] j.LocalContainerEntityManagerFactoryBean : Closing JPA EntityManagerFactory for persistence unit 'default'
2024-10-18T15:19:15.933-05:00  INFO 10536 --- [logsRestService] [SpringApplicationShutdownHook] com.zaxxer.hikari.HikariDataSource       : HikariPool-1 - Shutdown initiated...
2024-10-18T15:19:15.936-05:00  INFO 10536 --- [logsRestService] [SpringApplicationShutdownHook] com.zaxxer.hikari.HikariDataSource       : HikariPool-1 - Shutdown completed.
2024-10-18T15:19:33.681-05:00  INFO 33272 --- [logsRestService] [main] c.e.u.m.l.LogsRestServiceApplication     : Starting LogsRestServiceApplication using Java 17.0.6 with PID 33272 (C:\Users\Juan Tunubala\Documents\UNIVERSIDAD\Octavo Semestre\Microservicios\LogsRest\build\classes\java\main started by Juan Tunubala in C:\Users\Juan Tunubala\Documents\UNIVERSIDAD\Octavo Semestre\Microservicios\LogsRest)
2024-10-18T15:19:33.683-05:00  INFO 33272 --- [logsRestService] [main] c.e.u.m.l.LogsRestServiceApplication     : No active profile set, falling back to 1 default profile: "default"
2024-10-18T15:19:34.351-05:00  INFO 33272 --- [logsRestService] [main] .s.d.r.c.RepositoryConfigurationDelegate : Bootstrapping Spring Data JPA repositories in DEFAULT mode.
2024-10-18T15:19:34.396-05:00  INFO 33272 --- [logsRestService] [main] .s.d.r.c.RepositoryConfigurationDelegate : Finished Spring Data repository scanning in 38 ms. Found 1 JPA repository interface.
2024-10-18T15:19:34.918-05:00  INFO 33272 --- [logsRestService] [main] o.s.b.w.embedded.tomcat.TomcatWebServer  : Tomcat initialized with port 8002 (http)
2024-10-18T15:19:34.928-05:00  INFO 33272 --- [logsRestService] [main] o.apache.catalina.core.StandardService   : Starting service [Tomcat]
2024-10-18T15:19:34.928-05:00  INFO 33272 --- [logsRestService] [main] o.apache.catalina.core.StandardEngine    : Starting Servlet engine: [Apache Tomcat/10.1.19]
2024-10-18T15:19:34.977-05:00  INFO 33272 --- [logsRestService] [main] o.a.c.c.C.[Tomcat].[localhost].[/]       : Initializing Spring embedded WebApplicationContext
2024-10-18T15:19:34.977-05:00  INFO 33272 --- [logsRestService] [main] w.s.c.ServletWebServerApplicationContext : Root WebApplicationContext: initialization completed in 1263 ms
2024-10-18T15:19:35.213-05:00  INFO 33272 --- [logsRestService] [main] o.hibernate.jpa.internal.util.LogHelper  : HHH000204: Processing PersistenceUnitInfo [name: default]
2024-10-18T15:19:35.261-05:00  INFO 33272 --- [logsRestService] [main] org.hibernate.Version                    : HHH000412: Hibernate ORM core version 6.4.4.Final
2024-10-18T15:19:35.289-05:00  INFO 33272 --- [logsRestService] [main] o.h.c.internal.RegionFactoryInitiator    : HHH000026: Second-level cache disabled
2024-10-18T15:19:35.497-05:00  INFO 33272 --- [logsRestService] [main] o.s.o.j.p.SpringPersistenceUnitInfo      : No LoadTimeWeaver setup: ignoring JPA class transformer
2024-10-18T15:19:35.520-05:00  INFO 33272 --- [logsRestService] [main] com.zaxxer.hikari.HikariDataSource       : HikariPool-1 - Starting...
2024-10-18T15:19:35.643-05:00  INFO 33272 --- [logsRestService] [main] com.zaxxer.hikari.pool.HikariPool        : HikariPool-1 - Added connection org.postgresql.jdbc.PgConnection@31082efa
2024-10-18T15:19:35.644-05:00  INFO 33272 --- [logsRestService] [main] com.zaxxer.hikari.HikariDataSource       : HikariPool-1 - Start completed.
2024-10-18T15:19:36.387-05:00  INFO 33272 --- [logsRestService] [main] o.h.e.t.j.p.i.JtaPlatformInitiator       : HHH000489: No JTA platform available (set 'hibernate.transaction.jta.platform' to enable JTA platform integration)
2024-10-18T15:19:36.428-05:00  INFO 33272 --- [logsRestService] [main] j.LocalContainerEntityManagerFactoryBean : Initialized JPA EntityManagerFactory for persistence unit 'default'
2024-10-18T15:19:36.748-05:00  WARN 33272 --- [logsRestService] [main] JpaBaseConfiguration$JpaWebConfiguration : spring.jpa.open-in-view is enabled by default. Therefore, database queries may be performed during view rendering. Explicitly configure spring.jpa.open-in-view to disable this warning
2024-10-18T15:19:37.293-05:00  INFO 33272 --- [logsRestService] [main] o.s.b.a.e.web.EndpointLinksResolver      : Exposing 2 endpoint(s) beneath base path '/actuator'
2024-10-18T15:19:37.362-05:00  INFO 33272 --- [logsRestService] [main] o.s.b.w.embedded.tomcat.TomcatWebServer  : Tomcat started on port 8002 (http) with context path ''
2024-10-18T15:19:37.374-05:00  INFO 33272 --- [logsRestService] [main] c.e.u.m.l.LogsRestServiceApplication     : Started LogsRestServiceApplication in 4.004 seconds (process running for 4.424)
2024-10-18T15:19:37.774-05:00  INFO 33272 --- [logsRestService] [RMI TCP Connection(1)-192.168.0.32] o.a.c.c.C.[Tomcat].[localhost].[/]       : Initializing Spring DispatcherServlet 'dispatcherServlet'
2024-10-18T15:19:37.775-05:00  INFO 33272 --- [logsRestService] [RMI TCP Connection(1)-192.168.0.32] o.s.web.servlet.DispatcherServlet        : Initializing Servlet 'dispatcherServlet'
2024-10-18T15:19:37.777-05:00  INFO 33272 --- [logsRestService] [RMI TCP Connection(1)-192.168.0.32] o.s.web.servlet.DispatcherServlet        : Completed initialization in 2 ms
2024-10-18T15:19:37.802-05:00  INFO 33272 --- [logsRestService] [SpringApplicationShutdownHook] j.LocalContainerEntityManagerFactoryBean : Closing JPA EntityManagerFactory for persistence unit 'default'
2024-10-18T15:19:37.805-05:00  INFO 33272 --- [logsRestService] [SpringApplicationShutdownHook] com.zaxxer.hikari.HikariDataSource       : HikariPool-1 - Shutdown initiated...
2024-10-18T15:19:37.810-05:00  INFO 33272 --- [logsRestService] [SpringApplicationShutdownHook] com.zaxxer.hikari.HikariDataSource       : HikariPool-1 - Shutdown completed.
2024-10-18T15:19:56.401-05:00  INFO 31672 --- [logsRestService] [main] c.e.u.m.l.LogsRestServiceApplication     : Starting LogsRestServiceApplication using Java 17.0.6 with PID 31672 (C:\Users\Juan Tunubala\Documents\UNIVERSIDAD\Octavo Semestre\Microservicios\LogsRest\build\classes\java\main started by Juan Tunubala in C:\Users\Juan Tunubala\Documents\UNIVERSIDAD\Octavo Semestre\Microservicios\LogsRest)
2024-10-18T15:19:56.405-05:00  INFO 31672 --- [logsRestService] [main] c.e.u.m.l.LogsRestServiceApplication     : No active profile set, falling back to 1 default profile: "default"
2024-10-18T15:19:57.479-05:00  INFO 31672 --- [logsRestService] [main] .s.d.r.c.RepositoryConfigurationDelegate : Bootstrapping Spring Data JPA repositories in DEFAULT mode.
2024-10-18T15:19:57.529-05:00  INFO 31672 --- [logsRestService] [main] .s.d.r.c.RepositoryConfigurationDelegate : Finished Spring Data repository scanning in 44 ms. Found 1 JPA repository interface.
2024-10-18T15:19:58.259-05:00  INFO 31672 --- [logsRestService] [main] o.s.b.w.embedded.tomcat.TomcatWebServer  : Tomcat initialized with port 8002 (http)
2024-10-18T15:19:58.281-05:00  INFO 31672 --- [logsRestService] [main] o.apache.catalina.core.StandardService   : Starting service [Tomcat]
2024-10-18T15:19:58.282-05:00  INFO 31672 --- [logsRestService] [main] o.apache.catalina.core.StandardEngine    : Starting Servlet engine: [Apache Tomcat/10.1.19]
2024-10-18T15:19:58.371-05:00  INFO 31672 --- [logsRestService] [main] o.a.c.c.C.[Tomcat].[localhost].[/]       : Initializing Spring embedded WebApplicationContext
2024-10-18T15:19:58.371-05:00  INFO 31672 --- [logsRestService] [main] w.s.c.ServletWebServerApplicationContext : Root WebApplicationContext: initialization completed in 1916 ms
2024-10-18T15:19:58.662-05:00  INFO 31672 --- [logsRestService] [main] o.hibernate.jpa.internal.util.LogHelper  : HHH000204: Processing PersistenceUnitInfo [name: default]
2024-10-18T15:19:58.712-05:00  INFO 31672 --- [logsRestService] [main] org.hibernate.Version                    : HHH000412: Hibernate ORM core version 6.4.4.Final
2024-10-18T15:19:58.741-05:00  INFO 31672 --- [logsRestService] [main] o.h.c.internal.RegionFactoryInitiator    : HHH000026: Second-level cache disabled
2024-10-18T15:19:58.969-05:00  INFO 31672 --- [logsRestService] [main] o.s.o.j.p.SpringPersistenceUnitInfo      : No LoadTimeWeaver setup: ignoring JPA class transformer
2024-10-18T15:19:58.997-05:00  INFO 31672 --- [logsRestService] [main] com.zaxxer.hikari.HikariDataSource       : HikariPool-1 - Starting...
2024-10-18T15:19:59.147-05:00  INFO 31672 --- [logsRestService] [main] com.zaxxer.hikari.pool.HikariPool        : HikariPool-1 - Added connection org.postgresql.jdbc.PgConnection@7853363c
2024-10-18T15:19:59.149-05:00  INFO 31672 --- [logsRestService] [main] com.zaxxer.hikari.HikariDataSource       : HikariPool-1 - Start completed.
2024-10-18T15:20:00.007-05:00  INFO 31672 --- [logsRestService] [main] o.h.e.t.j.p.i.JtaPlatformInitiator       : HHH000489: No JTA platform available (set 'hibernate.transaction.jta.platform' to enable JTA platform integration)
2024-10-18T15:20:00.060-05:00  INFO 31672 --- [logsRestService] [main] j.LocalContainerEntityManagerFactoryBean : Initialized JPA EntityManagerFactory for persistence unit 'default'
2024-10-18T15:20:00.438-05:00  WARN 31672 --- [logsRestService] [main] JpaBaseConfiguration$JpaWebConfiguration : spring.jpa.open-in-view is enabled by default. Therefore, database queries may be performed during view rendering. Explicitly configure spring.jpa.open-in-view to disable this warning
2024-10-18T15:20:01.101-05:00  INFO 31672 --- [logsRestService] [main] o.s.b.a.e.web.EndpointLinksResolver      : Exposing 2 endpoint(s) beneath base path '/actuator'
2024-10-18T15:20:01.177-05:00  INFO 31672 --- [logsRestService] [main] o.s.b.w.embedded.tomcat.TomcatWebServer  : Tomcat started on port 8002 (http) with context path ''
2024-10-18T15:20:01.190-05:00  INFO 31672 --- [logsRestService] [main] c.e.u.m.l.LogsRestServiceApplication     : Started LogsRestServiceApplication in 5.391 seconds (process running for 6.123)
2024-10-18T15:20:01.430-05:00  INFO 31672 --- [logsRestService] [RMI TCP Connection(3)-192.168.0.32] o.a.c.c.C.[Tomcat].[localhost].[/]       : Initializing Spring DispatcherServlet 'dispatcherServlet'
2024-10-18T15:20:01.431-05:00  INFO 31672 --- [logsRestService] [RMI TCP Connection(3)-192.168.0.32] o.s.web.servlet.DispatcherServlet        : Initializing Servlet 'dispatcherServlet'
2024-10-18T15:20:01.433-05:00  INFO 31672 --- [logsRestService] [RMI TCP Connection(3)-192.168.0.32] o.s.web.servlet.DispatcherServlet        : Completed initialization in 2 ms
2024-10-18T15:20:54.289-05:00  INFO 31672 --- [logsRestService] [SpringApplicationShutdownHook] j.LocalContainerEntityManagerFactoryBean : Closing JPA EntityManagerFactory for persistence unit 'default'
2024-10-18T15:20:54.290-05:00  INFO 31672 --- [logsRestService] [SpringApplicationShutdownHook] com.zaxxer.hikari.HikariDataSource       : HikariPool-1 - Shutdown initiated...
2024-10-18T15:20:54.292-05:00  INFO 31672 --- [logsRestService] [SpringApplicationShutdownHook] com.zaxxer.hikari.HikariDataSource       : HikariPool-1 - Shutdown completed.
